../Core/Src/main.c:130:6:HAL_SPI_RxCpltCallback	16	static
../Core/Src/main.c:135:6:convertTo32bitX	16	static
../Core/Src/main.c:155:6:convertTo32bitY	16	static
../Core/Src/main.c:172:7:PID_Update	48	static
../Core/Src/main.c:195:6:update_odom	8	static
../Core/Src/main.c:199:6:control	32	static
../Core/Src/main.c:213:6:can_data_send	24	static
../Core/Src/main.c:231:6:HAL_TIM_PeriodElapsedCallback	24	static
../Core/Src/main.c:262:5:main	32	static
../Core/Src/main.c:346:6:SystemClock_Config	120	static
../Core/Src/main.c:407:13:MX_FDCAN1_Init	40	static
../Core/Src/main.c:469:13:MX_SPI1_Init	8	static
../Core/Src/main.c:516:13:MX_TIM3_Init	56	static
../Core/Src/main.c:565:13:MX_TIM4_Init	56	static
../Core/Src/main.c:614:13:MX_TIM7_Init	24	static
../Core/Src/main.c:652:13:MX_TIM8_Init	40	static
../Core/Src/main.c:699:13:MX_GPIO_Init	48	static
../Core/Src/main.c:729:6:MPU_Config	24	static
../Core/Src/main.c:760:6:Error_Handler	4	static,ignoring_inline_asm
