../Core/Src/main.c:131:6:HAL_SPI_RxCpltCallback	16	static
../Core/Src/main.c:137:6:convertTo32bitX	16	static
../Core/Src/main.c:157:6:convertTo32bitY	16	static
../Core/Src/main.c:174:7:PID_Update	48	static
../Core/Src/main.c:197:6:update_odom	8	static
../Core/Src/main.c:201:6:control	32	static
../Core/Src/main.c:215:6:can_data_send	24	static
../Core/Src/main.c:233:6:HAL_TIM_PeriodElapsedCallback	40	static
../Core/Src/main.c:327:5:main	8	static
../Core/Src/main.c:391:6:SystemClock_Config	120	static
../Core/Src/main.c:452:13:MX_FDCAN1_Init	40	static
../Core/Src/main.c:514:13:MX_SPI1_Init	8	static
../Core/Src/main.c:561:13:MX_TIM3_Init	56	static
../Core/Src/main.c:610:13:MX_TIM4_Init	56	static
../Core/Src/main.c:659:13:MX_TIM7_Init	24	static
../Core/Src/main.c:697:13:MX_TIM8_Init	40	static
../Core/Src/main.c:744:13:MX_GPIO_Init	48	static
../Core/Src/main.c:774:6:MPU_Config	24	static
../Core/Src/main.c:805:6:Error_Handler	4	static,ignoring_inline_asm
